[www.boixaderaresortes.com/index.html]
[backblue.gif]
[fade.gif]
[index.html]
[www.boixaderaresortes.com/wp-content/uploads/2017/10/Logo.png]
[www.boixaderaresortes.com/wp-content/cache/wpo-minify/1764870478/assets/wpo-minify-header-60dc80a4.min.css]
[www.boixaderaresortes.com/feed/index.html]
[www.boixaderaresortes.com/comments/feed/index.html]
[www.boixaderaresortes.com/wp-content/cache/wpo-minify/1764870478/assets/wpo-minify-header-7af30e3d.min.js]
[www.boixaderaresortes.com/wp-json/wp/v2/pages/221.json]
[www.boixaderaresortes.com/xmlrpc0db0.php]
[www.boixaderaresortes.com/wp-json/index.html]
[www.boixaderaresortes.com/wp-includes/wlwmanifest.xml]
[www.boixaderaresortes.com/wp-json/oembed/1.0/embed4897.json]
[www.boixaderaresortes.com/wp-json/oembed/1.0/embed351e]
[www.boixaderaresortes.com/wp-content/uploads/2021/03/cta-const.jpg]
[www.boixaderaresortes.com/wp-content/uploads/2018/02/cropped-cropped-Icono-1-32x32.png]
[www.boixaderaresortes.com/wp-content/uploads/2018/02/cropped-cropped-Icono-1-192x192.png]
[www.boixaderaresortes.com/wp-content/uploads/2018/02/cropped-cropped-Icono-1-180x180.png]
[www.boixaderaresortes.com/wp-content/fonts/montserrat/font]
[www.boixaderaresortes.com/wp-content/uploads/2021/06/slider-resortes-mediumHigh3.jpg]
[www.boixaderaresortes.com/contact/index.html]
[www.boixaderaresortes.com/about/index.html]
[www.boixaderaresortes.com/wp-content/uploads/2021/06/slider-alambre-mediumHigh.jpg]
[www.boixaderaresortes.com/wp-content/uploads/2021/06/slider-gente-mediumHigh.jpg]
[www.boixaderaresortes.com/wp-content/uploads/2018/02/muestrario-resortes.jpg]
[www.boixaderaresortes.com/wp-content/uploads/2016/10/Compresion.jpg]
[www.boixaderaresortes.com/wp-content/uploads/2016/10/Extension.png]
[www.boixaderaresortes.com/portfolio-category/productos/index.html]
[www.boixaderaresortes.com/wp-content/uploads/2021/06/Torsion-removebg.png]
[www.boixaderaresortes.com/portfolio/compression/index.html]
[www.boixaderaresortes.com/wp-content/uploads/2018/02/ejes-flexibles.png]
[www.boixaderaresortes.com/portfolio/traction-extension/index.html]
[www.boixaderaresortes.com/index.html]
[www.boixaderaresortes.com/wp-content/cache/wpo-minify/1764870478/assets/wpo-minify-footer-c85c4771.min.js]
[www.boixaderaresortes.com/portfolio/torsion/index.html]
[www.boixaderaresortes.com/portfolio/flexible-shaft/index.html]
[www.boixaderaresortes.com/wp-content/themes/flash/fonts/fa-brands-400.woff2]
[www.boixaderaresortes.com/wp-content/themes/flash/fonts/fa-solid-900.woff2]
[www.boixaderaresortes.com/wp-content/themes/flash/fonts/fa-regular-400.woff2]
[www.boixaderaresortes.com/wp-content/cache/wpo-minify/1764870478/assets/wpo-minify-header-60dc80a4.min.css]
[www.boixaderaresortes.com/xmlrpc0db0.html]
[www.boixaderaresortes.com/wp-includes/wlwmanifest.html]
[www.boixaderaresortes.com/wp-content/cache/wpo-minify/1764870478/assets/wpo-minify-header-bfd97c0a.min.css]
[www.boixaderaresortes.com/wp-json/wp/v2/pages/124.json]
[www.boixaderaresortes.com/wp-json/oembed/1.0/embed772d.json]
[www.boixaderaresortes.com/wp-json/oembed/1.0/embed88a4]
[www.boixaderaresortes.com/contact/index.html]
[www.boixaderaresortes.com/wp-content/cache/wpo-minify/1764870478/assets/wpo-minify-footer-e4663224.min.js]
[www.boixaderaresortes.com/wp-json/wp/v2/pages/137.json]
[www.boixaderaresortes.com/wp-json/oembed/1.0/embed0d7f.json]
[www.boixaderaresortes.com/wp-json/oembed/1.0/embedf63a]
[www.boixaderaresortes.com/wp-content/uploads/2018/02/maquina.jpg]
[www.boixaderaresortes.com/about/index.html]
[www.boixaderaresortes.com/wp-content/cache/wpo-minify/1764870478/assets/wpo-minify-footer-de1227e9.min.js]
[www.boixaderaresortes.com/portfolio-category/productos/index.html]
[www.boixaderaresortes.com/wp-content/cache/wpo-minify/1764870478/assets/wpo-minify-header-32a870b4.min.css]
[www.boixaderaresortes.com/portfolio-category/productos/feed/index.html]
[www.boixaderaresortes.com/portfolio/index.html]
[www.boixaderaresortes.com/wp-json/oembed/1.0/embed6093.json]
[www.boixaderaresortes.com/portfolio/compression/index.html]
[www.boixaderaresortes.com/wp-json/oembed/1.0/embeda7bf]
[www.boixaderaresortes.com/wp-json/oembed/1.0/embeda436.json]
[www.boixaderaresortes.com/portfolio/traction-extension/index.html]
[www.boixaderaresortes.com/wp-json/oembed/1.0/embedd787]
[www.boixaderaresortes.com/wp-json/oembed/1.0/embed2c52.json]
[www.boixaderaresortes.com/portfolio/torsion/index.html]
[www.boixaderaresortes.com/wp-json/oembed/1.0/embedeedf]
[www.boixaderaresortes.com/wp-json/oembed/1.0/embedf9fa.json]
[www.boixaderaresortes.com/portfolio/flexible-shaft/index.html]
[www.boixaderaresortes.com/wp-content/cache/wpo-minify/1764870478/assets/wpo-minify-header-bfd97c0a.min.css]
[www.boixaderaresortes.com/indexd4a6.html]
[www.boixaderaresortes.com/index60d6.html]
[www.boixaderaresortes.com/wp-content/cache/wpo-minify/1764870478/assets/wpo-minify-header-32a870b4.min.css]
[www.boixaderaresortes.com/portfolio/index.html]
[www.boixaderaresortes.com/index4659.html]
[www.boixaderaresortes.com/indexf3dd.html]
[www.boixaderaresortes.com/index905c.html]
[www.boixaderaresortes.com/index0114.html]
[www.boixaderaresortes.com/wp-json/oembed/1.0/embed6c11]
[www.boixaderaresortes.com/portfolio/feed/index.html]
